/Users/defalt/.zshenv:.:1: no such file or directory: /Users/defalt/.cargo/env
/Users/defalt/.zshrc:136: unmatched "
/usr/local/bin/python3 /Users/defalt/Desktop/Athena/research/swarms/workflow.py
defalt@owl swarms % /usr/local/bin/python3 /Users/defalt/Desktop/Athena/research/swarms/workflow.py
Error in sys.excepthook:
Traceback (most recent call last):
  File "/Library/Frameworks/Python.framework/Versions/3.11/lib/python3.11/site-packages/humbug/report.py", line 505, in _hook
    self.error_report(error=exception_instance, tags=tags, publish=publish)
  File "/Library/Frameworks/Python.framework/Versions/3.11/lib/python3.11/site-packages/humbug/report.py", line 247, in error_report
    traceback.format_exception(
TypeError: format_exception() got an unexpected keyword argument 'etype'

Original exception was:
Traceback (most recent call last):
  File "/Users/defalt/Desktop/Athena/research/swarms/workflow.py", line 1, in <module>
    from swarms.models import OpenAIChat
  File "/Users/defalt/Desktop/Athena/research/swarms/swarms/__init__.py", line 11, in <module>
    from swarms.workers import *
  File "/Users/defalt/Desktop/Athena/research/swarms/swarms/workers/__init__.py", line 1, in <module>
    from swarms.workers.worker import Worker
  File "/Users/defalt/Desktop/Athena/research/swarms/swarms/workers/worker.py", line 16, in <module>
    from swarms.agents.message import Message
  File "/Users/defalt/Desktop/Athena/research/swarms/swarms/agents/__init__.py", line 7, in <module>
    from swarms.agents.idea_to_image_agent import Idea2Image
  File "/Users/defalt/Desktop/Athena/research/swarms/swarms/agents/idea_to_image_agent.py", line 5, in <module>
    from swarms.models import OpenAIChat
  File "/Users/defalt/Desktop/Athena/research/swarms/swarms/models/__init__.py", line 9, in <module>
    from swarms.models.wizard_storyteller import WizardLLMStoryTeller
ModuleNotFoundError: No module named 'swarms.models.wizard_storyteller'
defalt@owl swarms % /usr/local/bin/python3 /Users/defalt/Desktop/Athena/research/swarms/workflow.py

  _________ __      __   _____  __________    _____     _________
 /   _____//  \    /  \ /  _  \ \______   \  /     \   /   _____/
 \_____  \ \   \/\/   //  /_\  \ |       _/ /  \ /  \  \_____  \
 /        \ \        //    |    \|    |   \/    Y    \ /        \
/_______  /  \__/\  / \____|__  /|____|_  /\____|__  //_______  /
        \/        \/          \/        \/         \/         \/

defalt@owl swarms % /usr/local/bin/python3 /Users/defalt/Desktop/Athena/research/swarms/workflow.py

  _________ __      __   _____  __________    _____     _________
 /   _____//  \    /  \ /  _  \ \______   \  /     \   /   _____/
 \_____  \ \   \/\/   //  /_\  \ |       _/ /  \ /  \  \_____  \
 /        \ \        //    |    \|    |   \/    Y    \ /        \
/_______  /  \__/\  / \____|__  /|____|_  /\____|__  //_______  /
        \/        \/          \/        \/         \/         \/

defalt@owl swarms % /usr/local/bin/python3 /Users/defalt/Desktop/Athena/research/swarms/workflow.py

  _________ __      __   _____  __________    _____     _________
 /   _____//  \    /  \ /  _  \ \______   \  /     \   /   _____/
 \_____  \ \   \/\/   //  /_\  \ |       _/ /  \ /  \  \_____  \
 /        \ \        //    |    \|    |   \/    Y    \ /        \
/_______  /  \__/\  / \____|__  /|____|_  /\____|__  //_______  /
        \/        \/          \/        \/         \/         \/

defalt@owl swarms % /usr/local/bin/python3 /Users/defalt/Desktop/Athena/research/swarms/workflow.py

  _________ __      __   _____  __________    _____     _________
 /   _____//  \    /  \ /  _  \ \______   \  /     \   /   _____/
 \_____  \ \   \/\/   //  /_\  \ |       _/ /  \ /  \  \_____  \
 /        \ \        //    |    \|    |   \/    Y    \ /        \
/_______  /  \__/\  / \____|__  /|____|_  /\____|__  //_______  /
        \/        \/          \/        \/         \/         \/

defalt@owl swarms % /usr/local/bin/python3 /Users/defalt/Desktop/Athena/research/swarms/workflow.py

  _________ __      __   _____  __________    _____     _________
 /   _____//  \    /  \ /  _  \ \______   \  /     \   /   _____/
 \_____  \ \   \/\/   //  /_\  \ |       _/ /  \ /  \  \_____  \
 /        \ \        //    |    \|    |   \/    Y    \ /        \
/_______  /  \__/\  / \____|__  /|____|_  /\____|__  //_______  /
        \/        \/          \/        \/         \/         \/

defalt@owl swarms % /usr/local/bin/python3 /Users/defalt/Desktop/Athena/research/swarms/workflow.py

  _________ __      __   _____  __________    _____     _________
 /   _____//  \    /  \ /  _  \ \______   \  /     \   /   _____/
defalt@owl swarms % python3 workflow.py

  _________ __      __   _____  __________    _____     _________
 /   _____//  \    /  \ /  _  \ \______   \  /     \   /   _____/
 \_____  \ \   \/\/   //  /_\  \ |       _/ /  \ /  \  \_____  \
 /        \ \        //    |    \|    |   \/    Y    \ /        \
/_______  /  \__/\  / \____|__  /|____|_  /\____|__  //_______  /
        \/        \/          \/        \/         \/         \/

defalt@owl swarms % /usr/local/bin/python3 /Users/defalt/Desktop/Athena/research/swarms/workflow.py
/usr/local/bin/python3 /Users/defalt/Desktop/Athena/research/swarms/workflow.py

  _________ __      __   _____  __________    _____     _________
 /   _____//  \    /  \ /  _  \ \______   \  /     \   /   _____/
 \_____  \ \   \/\/   //  /_\  \ |       _/ /  \ /  \  \_____  \
 /        \ \        //    |    \|    |   \/    Y    \ /        \
/_______  /  \__/\  / \____|__  /|____|_  /\____|__  //_______  /
        \/        \/          \/        \/         \/         \/

defalt@owl swarms % /usr/local/bin/python3 /Users/defalt/Desktop/Athena/research/swarms/workflow.py

  _________ __      __   _____  __________    _____     _________
 /   _____//  \    /  \ /  _  \ \______   \  /     \   /   _____/
 \_____  \ \   \/\/   //  /_\  \ |       _/ /  \ /  \  \_____  \
 /        \ \        //    |    \|    |   \/    Y    \ /        \
/_______  /  \__/\  / \____|__  /|____|_  /\____|__  //_______  /
        \/        \/          \/        \/         \/         \/

defalt@owl swarms % /usr/local/bin/python3 /Users/defalt/Desktop/Athena/research/swarms/workflow.py

  _________ __      __   _____  __________    _____     _________
 /   _____//  \    /  \ /  _  \ \______   \  /     \   /   _____/
 \_____  \ \   \/\/   //  /_\  \ |       _/ /  \ /  \  \_____  \
 /        \ \        //    |    \|    |   \/    Y    \ /        \
/_______  /  \__/\  / \____|__  /|____|_  /\____|__  //_______  /
        \/        \/          \/        \/         \/         \/

defalt@owl swarms % /usr/local/bin/python3 /Users/defalt/Desktop/Athena/research/swarms/workflow.py

  _________ __      __   _____  __________    _____     _________
 /   _____//  \    /  \ /  _  \ \______   \  /     \   /   _____/
 \_____  \ \   \/\/   //  /_\  \ |       _/ /  \ /  \  \_____  \
 /        \ \        //    |    \|    |   \/    Y    \ /        \
/_______  /  \__/\  / \____|__  /|____|_  /\____|__  //_______  /
        \/        \/          \/        \/         \/         \/

defalt@owl swarms % /usr/local/bin/python3 /Users/defalt/Desktop/Athena/research/swarms/workflow.py

  _________ __      __   _____  __________    _____     _________
 /   _____//  \    /  \ /  _  \ \______   \  /     \   /   _____/
 \_____  \ \   \/\/   //  /_\  \ |       _/ /  \ /  \  \_____  \
 /        \ \        //    |    \|    |   \/    Y    \ /        \
/_______  /  \__/\  / \____|__  /|____|_  /\____|__  //_______  /
        \/        \/          \/        \/         \/         \/

defalt@owl swarms % /usr/local/bin/python3 /Users/defalt/Desktop/Athena/research/swarms/workflow.py
defalt@owl swarms % /usr/local/bin/python3 /Users/defalt/Desktop/Athena/research/swarms/workflow.py
defalt@owl swarms % /usr/local/bin/python3 /Users/defalt/Desktop/Athena/research/swarms/workflow.py
/usr/local/bin/python3 /Users/defalt/Desktop/Athena/research/swarms/workflow.py
defalt@owl swarms % /usr/local/bin/python3 /Users/defalt/Desktop/Athena/research/swarms/workflow.py
defalt@owl swarms % /usr/local/bin/python3 /Users/defalt/Desktop/Athena/research/swarms/flow.py
("Remember, positive thinking is not about ignoring or denying the challenges and difficulties we face. It is about approaching them with a mindset that believes in our ability to overcome and find solutions. It is about acknowledging the obstacles but not letting them define us or limit our potential.\n\nAs you continue on your journey of positive thinking, it is important to surround yourself with supportive and like-minded individuals. Build a network of positivity and encouragement. Seek out those who uplift and inspire you, and share your experiences, challenges, and successes with them. Together, you can create a community that supports and motivates each other.\n\nAdditionally, be kind to yourself. Understand that positive thinking is a practice, and there will be times when negativity creeps in. When that happens, acknowledge it, but don't dwell on it. Redirect your focus back to the positive aspects of your life and remind yourself of your progress and the power you have within you to overcome any challenges.\n\nThank you once again for joining us on this journey. May your life be filled with positivity, growth, and abundance. Keep choosing positivity, and watch how it transforms your world.", ['Generate a 10,000 word blog, say Stop when done', "Title: The Power of Positive Thinking: Transforming Your Life\n\nIntroduction (Word count: 500)\n-------------------------\nWelcome to this comprehensive blog on the transformative power of positive thinking. In a world filled with challenges, setbacks, and negativity, it is crucial to understand how our mindset can shape our reality. Throughout this blog, we will delve into the science behind positive thinking, explore practical strategies to cultivate a positive mindset, and discuss the profound impact it can have on various aspects of our lives. So, let's embark on this journey of self-discovery and learn how to harness the power of positive thinking!\n\nChapter 1: Understanding Positive Thinking (Word count: 1,000)\n---------------------------------------------------\n1.1 What is Positive Thinking?\n1.2 The Science Behind Positive Thinking\n1.3 The Benefits of Positive Thinking\n1.4 The Link Between Positive Thinking and Mental Health\n1.5 Overcoming Negativity Bias\n\nChapter 2: The Power of Affirmations (Word count: 1,500)\n------------------------------------------------\n2.1 Introduction to Affirmations\n2.2 How Affirmations Work\n2.3 Crafting Effective Affirmations\n2.4 Incorporating Affirmations into Daily Life\n2.5 Case Studies: Real-Life Success Stories\n\nChapter 3: Cultivating a Positive Mindset (Word count: 1,500)\n------------------------------------------------\n3.1 Identifying Negative Thought Patterns\n3.2 Challenging Negative Thoughts\n3.3 Gratitude and Appreciation\n3.4 Mindfulness and Meditation\n3.5 Surrounding Yourself with Positivity\n\nChapter 4: The Impact of Positive Thinking on Relationships (Word count: 1,500)\n------------------------------------------------\n4.1 Building Healthy Relationships\n4.2 Positive Communication Strategies\n4.3 Nurturing Emotional Well-being in Relationships\n4.4 Resolving Conflicts with Positivity\n4.5 Strengthening Bonds through Positive Thinking\n\nChapter 5: Positive Thinking for Success (Word count: 1,500)\n------------------------------------------------\n5.1 Positive Thinking and Goal Setting\n5.2 Overcoming Obstacles and Failure\n5.3 Developing a Growth Mindset\n5.4 Visualization Techniques for Success\n5.5 Harnessing the Law of Attraction\n\nChapter 6: Positive Thinking for Health and Well-being (Word count: 1,500)\n------------------------------------------------\n6.1 The Mind-Body Connection\n6.2 Positive Thinking and Physical Health\n6.3 Reducing Stress and Anxiety\n6.4 Boosting Immunity with Positive Thoughts\n6.5 Promoting Overall Well-being\n\nChapter 7: Overcoming Challenges with Positive Thinking (Word count: 1,500)\n------------------------------------------------\n7.1 Embracing Change and Adaptability\n7.2 Turning Setbacks into Opportunities\n7.3 Cultivating Resilience through Positive Thinking\n7.4 Finding Strength in Adversity\n7.5 Inspiring Stories of Triumph through Positive Thinking\n\nChapter 8: Creating a Positive Environment (Word count: 1,500)\n------------------------------------------------\n8.1 Decluttering for a Positive Space\n8.2 The Impact of Colors on Mood\n8.3 Enhancing Your Surroundings with Positive Vibes\n8.4 Incorporating Nature into Your Environment\n8.5 Creating Daily Rituals for Positivity\n\nConclusion (Word count: 500)\n-------------------------\nCongratulations! You have reached the end of this blog, where we explored the incredible power of positive thinking. We have learned how positive thinking can transform our lives, boost our mental and physical well-being, improve relationships, and help us overcome challenges. Remember, cultivating a positive mindset is a journey that requires practice, patience, and self-compassion. So, let's embrace this new perspective and unleash the immense potential within us. Stop settling for negativity; instead, choose positivity and watch your life flourish!", "Thank you for joining us on this journey of self-discovery and learning about the power of positive thinking. Throughout this blog, we have explored the science behind positive thinking, practical strategies to cultivate a positive mindset, and the profound impact it can have on various aspects of our lives.\n\nIn Chapter 1, we gained an understanding of what positive thinking is and delved into the science behind it. We also explored the benefits of positive thinking and its link to mental health. Overcoming negativity bias was also discussed, as it is a common obstacle in cultivating a positive mindset.\n\nChapter 2 introduced us to the power of affirmations. We learned how affirmations work and how to craft effective ones. Incorporating affirmations into our daily lives was explored, and we were inspired by real-life success stories.\n\nIn Chapter 3, we focused on cultivating a positive mindset. We identified negative thought patterns and learned strategies to challenge them. Gratitude and appreciation, mindfulness and meditation, and surrounding ourselves with positivity were also discussed as tools to cultivate a positive mindset.\n\nChapter 4 emphasized the impact of positive thinking on relationships. We learned how to build healthy relationships, employ positive communication strategies, nurture emotional well-being, and resolve conflicts with positivity. Strengthening bonds through positive thinking was also explored.\n\nChapter 5 explored how positive thinking contributes to success. We discussed the connection between positive thinking and goal setting, overcoming obstacles and failure, developing a growth mindset, visualization techniques, and harnessing the law of attraction.\n\nIn Chapter 6, we focused on positive thinking for health and well-being. We explored the mind-body connection, the impact of positive thinking on physical health, stress and anxiety reduction, boosting immunity, and promoting overall well-being.\n\nChapter 7 addressed overcoming challenges with positive thinking. We discussed embracing change and adaptability, turning setbacks into opportunities, cultivating resilience, finding strength in adversity, and shared inspiring stories of triumph through positive thinking.\n\nIn Chapter 8, we learned about creating a positive environment. We discussed decluttering for a positive space, the impact of colors on mood, enhancing surroundings with positive vibes, incorporating nature into our environment, and creating daily rituals for positivity.\n\nAs we conclude this blog, remember that cultivating a positive mindset is a journey that requires practice, patience, and self-compassion. By choosing positivity, we can transform our lives, boost our mental and physical well-being, improve relationships, and overcome challenges. So, let's embrace this new perspective and unleash the immense potential within us. Stop settling for negativity; instead, choose positivity and watch your life flourish!\n\nThank you for joining us on this transformative journey. May you continue to harness the power of positive thinking and create a life filled with joy, fulfillment, and success.", "Remember, positive thinking is not about ignoring or denying the challenges and difficulties we face. It is about approaching them with a mindset that believes in our ability to overcome and find solutions. It is about focusing on the good, the possibilities, and the lessons we can learn from every situation.\n\nAs you continue on your journey of positive thinking, surround yourself with supportive and like-minded individuals. Build a network of positivity and encouragement. Share your experiences, challenges, and successes with others who can uplift and inspire you.\n\nLastly, be kind to yourself. Understand that positive thinking is a practice, and there will be times when negativity creeps in. When that happens, acknowledge it, but don't dwell on it. Redirect your focus back to the positive, and remind yourself of your progress and the power you have within you.\n\nThank you once again for joining us. May your life be filled with positivity, growth, and abundance. Keep choosing positivity, and watch how it transforms your world.", "Remember, positive thinking is not about ignoring or denying the challenges and difficulties we face. It is about approaching them with a mindset that believes in our ability to overcome and find solutions. It is about focusing on the good, the possibilities, and the lessons we can learn from every situation.\n\nAs you continue on your journey of positive thinking, surround yourself with supportive and like-minded individuals. Build a network of positivity and encouragement. Share your experiences, challenges, and successes with others who can uplift and inspire you.\n\nLastly, be kind to yourself. Understand that positive thinking is a practice, and there will be times when negativity creeps in. When that happens, acknowledge it, but don't dwell on it. Redirect your focus back to the positive, and remind yourself of your progress and the power you have within you.\n\nThank you once again for joining us. May your life be filled with positivity, growth, and abundance. Keep choosing positivity, and watch how it transforms your world.", "Remember, positive thinking is not about ignoring or denying the challenges and difficulties we face. It is about approaching them with a mindset that believes in our ability to overcome and find solutions. It is about acknowledging the obstacles but not letting them define us or limit our potential.\n\nAs you continue on your journey of positive thinking, it is important to surround yourself with supportive and like-minded individuals. Build a network of positivity and encouragement. Seek out those who uplift and inspire you, and share your experiences, challenges, and successes with them. Together, you can create a community that supports and motivates each other.\n\nAdditionally, be kind to yourself. Understand that positive thinking is a practice, and there will be times when negativity creeps in. When that happens, acknowledge it, but don't dwell on it. Redirect your focus back to the positive aspects of your life and remind yourself of your progress and the power you have within you to overcome any challenges.\n\nThank you once again for joining us on this journey. May your life be filled with positivity, growth, and abundance. Keep choosing positivity, and watch how it transforms your world."])
defalt@owl swarms % /usr/local/bin/python3 /Users/defalt/Desktop/Athena/research/swarms/workflow.py
defalt@owl swarms % /usr/local/bin/python3 /Users/defalt/Desktop/Athena/research/swarms/flow.py
("You're welcome! I'm glad I could assist you. If you have any further questions or need help with anything else, please don't hesitate to ask. I'm here to provide you with the information you need.", ['Generate a 10,000 word blog, say Stop when done', 'Stop.', 'I apologize if I have done something to bother you. Is there something specific you would like me to stop doing?', "Thank you for your consideration, but as an AI language model, I don't have personal feelings, so you haven't bothered me. My purpose is to assist and provide information to the best of my abilities. If there's anything specific you would like me to do differently or if you have any specific requests, please let me know and I'll be happy to help!", "Thank you for your understanding! As an AI language model, my goal is to provide helpful and accurate information. If you have any questions or need assistance with anything, feel free to ask. I'm here to help!", "You're welcome! I'm glad I could assist you. If you have any further questions or need help with anything else, please don't hesitate to ask. I'm here to provide you with the information you need."])
defalt@owl swarms % /usr/local/bin/python3 /Users/defalt/Desktop/Athena/research/swarms/flow.py
/usr/local/bin/python3 /Users/defalt/Desktop/Athena/research/swarms/flow.py
("Certainly! Regular exercise offers numerous benefits for both physical and mental health. Here are some key advantages:\n\n1. Improved cardiovascular health: Exercise strengthens the heart, improves blood circulation, and lowers the risk of heart disease, high blood pressure, and stroke.\n\n2. Weight management: Engaging in physical activity helps burn calories, maintain a healthy weight, and reduce the risk of obesity.\n\n3. Enhanced muscle strength and flexibility: Regular exercise, including resistance training, helps build and tone muscles, increasing overall strength and flexibility.\n\n4. Increased bone density: Weight-bearing exercises, such as walking or weightlifting, promote bone health, reducing the risk of conditions like osteoporosis.\n\n5. Boosted immune system: Regular physical activity can strengthen the immune system, making you less susceptible to illnesses like the common cold.\n\n6. Improved mental health: Exercise releases endorphins, which can enhance mood, reduce stress, anxiety, and symptoms of depression. It can also improve sleep quality and boost overall cognitive function.\n\n7. Reduced risk of chronic diseases: Regular exercise can lower the risk of chronic conditions such as type 2 diabetes, certain types of cancer, and metabolic syndrome.\n\n8. Increased energy levels: Engaging in physical activity regularly can enhance stamina and energy levels, making daily tasks easier to perform.\n\n9. Better brain health: Exercise has been linked to improved memory, focus, and overall brain health. It may even reduce the risk of cognitive decline and neurodegenerative diseases like Alzheimer's.\n\n10. Improved longevity: Studies consistently show that individuals who exercise regularly tend to live longer, healthier lives compared to those who lead sedentary lifestyles.\n\nRemember, it's important to consult with a healthcare professional before starting any new exercise routine, especially if you have any underlying health conditions.", ['Generate a 10,000 word blog, say Stop when done', 'Stop.', "I'm sorry if I did something wrong. Is there something specific you would like me to stop doing?", "I'm sorry if I gave the wrong impression, but as an AI, I don't have personal feelings or intentions. You haven't done anything wrong. I'm here to assist and provide information to the best of my abilities. If you have any specific questions or need assistance with something, feel free to let me know!", 'Thank you for clarifying. I appreciate your assistance. I do have a specific question: Can you provide information on the benefits of regular exercise?', "Certainly! Regular exercise offers numerous benefits for both physical and mental health. Here are some key advantages:\n\n1. Improved cardiovascular health: Exercise strengthens the heart, improves blood circulation, and lowers the risk of heart disease, high blood pressure, and stroke.\n\n2. Weight management: Engaging in physical activity helps burn calories, maintain a healthy weight, and reduce the risk of obesity.\n\n3. Enhanced muscle strength and flexibility: Regular exercise, including resistance training, helps build and tone muscles, increasing overall strength and flexibility.\n\n4. Increased bone density: Weight-bearing exercises, such as walking or weightlifting, promote bone health, reducing the risk of conditions like osteoporosis.\n\n5. Boosted immune system: Regular physical activity can strengthen the immune system, making you less susceptible to illnesses like the common cold.\n\n6. Improved mental health: Exercise releases endorphins, which can enhance mood, reduce stress, anxiety, and symptoms of depression. It can also improve sleep quality and boost overall cognitive function.\n\n7. Reduced risk of chronic diseases: Regular exercise can lower the risk of chronic conditions such as type 2 diabetes, certain types of cancer, and metabolic syndrome.\n\n8. Increased energy levels: Engaging in physical activity regularly can enhance stamina and energy levels, making daily tasks easier to perform.\n\n9. Better brain health: Exercise has been linked to improved memory, focus, and overall brain health. It may even reduce the risk of cognitive decline and neurodegenerative diseases like Alzheimer's.\n\n10. Improved longevity: Studies consistently show that individuals who exercise regularly tend to live longer, healthier lives compared to those who lead sedentary lifestyles.\n\nRemember, it's important to consult with a healthcare professional before starting any new exercise routine, especially if you have any underlying health conditions."])
defalt@owl swarms % /usr/local/bin/python3 /Users/defalt/Desktop/Athena/research/swarms/flow.py
^CError in sys.excepthook:
Traceback (most recent call last):
  File "/Library/Frameworks/Python.framework/Versions/3.11/lib/python3.11/site-packages/humbug/report.py", line 505, in _hook
    self.error_report(error=exception_instance, tags=tags, publish=publish)
  File "/Library/Frameworks/Python.framework/Versions/3.11/lib/python3.11/site-packages/humbug/report.py", line 247, in error_report
    traceback.format_exception(
TypeError: format_exception() got an unexpected keyword argument 'etype'

Original exception was:
Traceback (most recent call last):
  File "/Users/defalt/Desktop/Athena/research/swarms/flow.py", line 1, in <module>
    from swarms.models import OpenAIChat
  File "/Users/defalt/Desktop/Athena/research/swarms/swarms/__init__.py", line 11, in <module>
    from swarms.workers import *
  File "/Users/defalt/Desktop/Athena/research/swarms/swarms/workers/__init__.py", line 1, in <module>
    from swarms.workers.worker import Worker
  File "/Users/defalt/Desktop/Athena/research/swarms/swarms/workers/worker.py", line 16, in <module>
    from swarms.agents.message import Message
  File "/Users/defalt/Desktop/Athena/research/swarms/swarms/agents/__init__.py", line 7, in <module>
    from swarms.agents.idea_to_image_agent import Idea2Image
  File "/Users/defalt/Desktop/Athena/research/swarms/swarms/agents/idea_to_image_agent.py", line 5, in <module>
    from swarms.models import OpenAIChat
  File "/Users/defalt/Desktop/Athena/research/swarms/swarms/models/__init__.py", line 6, in <module>
    from swarms.models.zephyr import Zephyr
  File "/Users/defalt/Desktop/Athena/research/swarms/swarms/models/zephyr.py", line 3, in <module>
    from transformers import pipeline
  File "<frozen importlib._bootstrap>", line 1231, in _handle_fromlist
  File "/Library/Frameworks/Python.framework/Versions/3.11/lib/python3.11/site-packages/transformers/utils/import_utils.py", line 1272, in __getattr__
    module = self._get_module(self._class_to_module[name])
             ^^^^^^^^^^^^^^^^^^^^^^^^^^^^^^^^^^^^^^^^^^^^^
  File "/Library/Frameworks/Python.framework/Versions/3.11/lib/python3.11/site-packages/transformers/utils/import_utils.py", line 1282, in _get_module
    return importlib.import_module("." + module_name, self.__name__)
           ^^^^^^^^^^^^^^^^^^^^^^^^^^^^^^^^^^^^^^^^^^^^^^^^^^^^^^^^^
  File "/Library/Frameworks/Python.framework/Versions/3.11/lib/python3.11/importlib/__init__.py", line 126, in import_module
    return _bootstrap._gcd_import(name[level:], package, level)
           ^^^^^^^^^^^^^^^^^^^^^^^^^^^^^^^^^^^^^^^^^^^^^^^^^^^^
  File "/Library/Frameworks/Python.framework/Versions/3.11/lib/python3.11/site-packages/transformers/pipelines/__init__.py", line 62, in <module>
    from .document_question_answering import DocumentQuestionAnsweringPipeline
  File "/Library/Frameworks/Python.framework/Versions/3.11/lib/python3.11/site-packages/transformers/pipelines/document_question_answering.py", line 29, in <module>
    from .question_answering import select_starts_ends
  File "/Library/Frameworks/Python.framework/Versions/3.11/lib/python3.11/site-packages/transformers/pipelines/question_answering.py", line 9, in <module>
    from ..data import SquadExample, SquadFeatures, squad_convert_examples_to_features
  File "/Library/Frameworks/Python.framework/Versions/3.11/lib/python3.11/site-packages/transformers/data/__init__.py", line 26, in <module>
    from .metrics import glue_compute_metrics, xnli_compute_metrics
  File "/Library/Frameworks/Python.framework/Versions/3.11/lib/python3.11/site-packages/transformers/data/metrics/__init__.py", line 19, in <module>
    from scipy.stats import pearsonr, spearmanr
  File "/Library/Frameworks/Python.framework/Versions/3.11/lib/python3.11/site-packages/scipy/stats/__init__.py", line 467, in <module>
    from ._stats_py import *
  File "/Library/Frameworks/Python.framework/Versions/3.11/lib/python3.11/site-packages/scipy/stats/_stats_py.py", line 46, in <module>
    from . import distributions
  File "/Library/Frameworks/Python.framework/Versions/3.11/lib/python3.11/site-packages/scipy/stats/distributions.py", line 8, in <module>
    from ._distn_infrastructure import (rv_discrete, rv_continuous, rv_frozen)
  File "/Library/Frameworks/Python.framework/Versions/3.11/lib/python3.11/site-packages/scipy/stats/_distn_infrastructure.py", line 27, in <module>
    from scipy import integrate
  File "<frozen importlib._bootstrap>", line 1231, in _handle_fromlist
  File "/Library/Frameworks/Python.framework/Versions/3.11/lib/python3.11/site-packages/scipy/__init__.py", line 211, in __getattr__
    return _importlib.import_module(f'scipy.{name}')
           ^^^^^^^^^^^^^^^^^^^^^^^^^^^^^^^^^^^^^^^^^
  File "/Library/Frameworks/Python.framework/Versions/3.11/lib/python3.11/importlib/__init__.py", line 126, in import_module
    return _bootstrap._gcd_import(name[level:], package, level)
           ^^^^^^^^^^^^^^^^^^^^^^^^^^^^^^^^^^^^^^^^^^^^^^^^^^^^
  File "/Library/Frameworks/Python.framework/Versions/3.11/lib/python3.11/site-packages/scipy/integrate/__init__.py", line 94, in <module>
    from ._ode import *
  File "<frozen importlib._bootstrap>", line 1178, in _find_and_load
  File "<frozen importlib._bootstrap>", line 1149, in _find_and_load_unlocked
  File "<frozen importlib._bootstrap>", line 690, in _load_unlocked
  File "<frozen importlib._bootstrap_external>", line 936, in exec_module
  File "<frozen importlib._bootstrap_external>", line 1032, in get_code
  File "<frozen importlib._bootstrap_external>", line 1131, in get_data
KeyboardInterrupt
^C
defalt@owl swarms % 
defalt@owl swarms % /usr/local/bin/python3 /Users/defalt/Desktop/Athena/research/swarms/flow.py
Loop 1 of 5
/usr/local/bin/python3 /Users/defalt/Desktop/Athena/research/swarms/flow.py
^C^C
defalt@owl swarms % 
defalt@owl swarms % 
defalt@owl swarms % /usr/local/bin/python3 /Users/defalt/Desktop/Athena/research/swarms/flow.py
Loop 1 of 5
Next query: Title: The Power of Positive Thinking: Transforming Your Life One Thought at a Time

Introduction:

In our fast-paced and often stressful world, it's easy to get caught up in negative thoughts and emotions. However, what if there was a way to break free from the cycle of negativity and transform our lives for the better? The answer lies in the power of positive thinking. By consciously shifting our mindset and focusing on positive thoughts, we can create a ripple effect that impacts every aspect of our lives. In this blog, we will explore the science behind positive thinking, practical strategies to cultivate positivity, and the incredible benefits it can bring. So, let's dive in and discover how to harness the power of positive thinking to stop negativity in its tracks and unlock a life of joy, abundance, and fulfillment.

Chapter 1: The Science Behind Positive Thinking
1.1 The Psychology of Positivity
1.2 Neuroplasticity: Rewiring Your Brain for Positivity
1.3 The Power of Affirmations and Self-Talk
1.4 The Role of Gratitude in Positive Thinking
1.5 The Impact of Positive Thinking on Physical Health

Chapter 2: Cultivating Positivity in Daily Life
2.1 Recognizing and Challenging Negative Thoughts
2.2 Surrounding Yourself with Positive Influences
2.3 Practicing Mindfulness and Meditation
2.4 Engaging in Activities That Bring You Joy
2.5 Nurturing Positive Relationships

Chapter 3: Overcoming Obstacles and Resisting Negativity
3.1 Dealing with Setbacks and Failure
3.2 Overcoming Self-Doubt and Building Self-Confidence
3.3 Letting Go of Past Hurts and Forgiveness
3.4 Managing Stress and Anxiety
3.5 Creating a Supportive Environment

Chapter 4: The Transformative Power of Positive Thinking
4.1 Enhancing Emotional Well-being
4.2 Boosting Creativity and Problem-Solving Abilities
4.3 Improving Work and Career Success
4.4 Strengthening Personal Relationships
4.5 Achieving Personal Growth and Fulfillment

Chapter 5: Practical Tips and Exercises for Positive Thinking
5.1 Daily Positive Affirmations
5.2 Gratitude Journaling
5.3 Visualization and Manifestation Techniques
5.4 Acts of Kindness and Giving
5.5 Positive Thinking Challenges

Chapter 6: Maintaining Positivity in the Face of Adversity
6.1 Building Resilience and Bouncing Back
6.2 Finding Meaning and Purpose in Difficult Times
6.3 Seeking Support and Professional Help
6.4 Embracing Change and Adaptability
6.5 Staying Committed to a Positive Mindset

Conclusion:
In conclusion, positive thinking is not just a fleeting state of mind; it is a way of life that has the power to transform our entire existence. By understanding the science behind positive thinking, cultivating positivity in our daily lives, overcoming obstacles, and embracing the transformative power of positive thinking, we can create a life filled with joy, abundance, and fulfillment. So, let us make a conscious choice today to stop negativity in its tracks and embark on a journey of positive thinking that will forever change our lives for the better. Remember, the power to transform is within us.
Loop 2 of 5
Next query: We just need to harness it and unleash it through the power of positive thinking.
Loop 3 of 5
Next query: Harnessing and unleashing the power of positive thinking can have a significant impact on our lives. It involves shifting our mindset and focusing on the positive aspects of any situation. By doing so, we can attract more positive outcomes, improve our mental well-being, and achieve our goals. Here are a few ways to harness and unleash the power of positive thinking:

1. Recognize negative thoughts: Start by becoming aware of negative thoughts and patterns that may be holding you back. Acknowledge them, but don't dwell on them. Instead, consciously redirect your focus towards positive thoughts.

2. Practice gratitude: Cultivate a sense of gratitude by regularly acknowledging and appreciating the good things in your life. This helps shift your focus towards positivity and abundance.

3. Surround yourself with positivity: Surround yourself with positive people, read uplifting books, listen to motivational podcasts, or engage in activities that inspire and uplift you. This can help reinforce positive thinking and create a supportive environment.

4. Visualize success: Use the power of visualization to imagine yourself achieving your goals and experiencing success. Visualizing positive outcomes can help manifest them into reality.

5. Affirmations: Create positive affirmations that align with your goals and repeat them daily. Affirmations are positive statements that help reprogram your subconscious mind and reinforce positive thinking.

6. Practice mindfulness and self-care: Engage in mindfulness practices like meditation or deep breathing exercises to calm your mind and cultivate a positive mindset. Additionally, prioritize self-care activities that bring you joy and relaxation.

7. Take positive action: Positive thinking alone is not enough; it needs to be accompanied by positive action. Take proactive steps towards your goals, break them down into manageable tasks, and celebrate your achievements along the way.

Remember, harnessing and unleashing the power of positive thinking is a continuous process that requires consistent effort and practice. By incorporating these strategies into your daily life, you can cultivate a positive mindset and attract more positivity into your life.
Loop 4 of 5
Next query: By harnessing and unleashing the power of positive thinking, we can transform our lives and create a happier and more fulfilling existence. It all starts with recognizing negative thoughts and consciously redirecting our focus towards positive ones. Practicing gratitude, surrounding ourselves with positivity, and visualizing success are all effective ways to reinforce positive thinking. Affirmations and mindfulness practices can further strengthen our positive mindset. However, it is important to remember that positive thinking alone is not enough; it must be accompanied by positive action. By taking proactive steps towards our goals and celebrating our achievements, we can manifest positive outcomes in our lives. Consistency and effort are key in this process, but by incorporating these strategies into our daily lives, we can truly harness and unleash the power of positive thinking.
Loop 5 of 5
Next query: Positive thinking is a powerful tool that can transform our lives and lead to a happier and more fulfilling existence. However, it requires conscious effort and practice to truly harness its power.

The first step is recognizing negative thoughts and consciously redirecting our focus towards positive ones. This involves being aware of our thoughts and actively challenging negative beliefs or self-talk. By replacing negative thoughts with positive ones, we can change our mindset and outlook on life.

Practicing gratitude is another effective way to reinforce positive thinking. By regularly expressing gratitude for the things we have and the people in our lives, we shift our focus towards the positive aspects of our existence. This cultivates a sense of appreciation and contentment.

Surrounding ourselves with positivity is also crucial. This can involve seeking out positive relationships, environments, and activities that uplift and inspire us. Being around positive influences can greatly impact our mindset and outlook on life.

Visualizing success is a powerful technique that helps reinforce positive thinking. By vividly imagining ourselves achieving our goals and experiencing success, we create a positive mental image that motivates and inspires us. This visualization can be accompanied by affirmations, which are positive statements that affirm our abilities and potential.

Mindfulness practices, such as meditation or deep breathing exercises, can also strengthen our positive mindset. These practices help us become more present and aware of our thoughts, allowing us to consciously choose positive thoughts and let go of negative ones.

However, positive thinking alone is not enough. It must be accompanied by positive action. Taking proactive steps towards our goals and dreams is essential in manifesting positive outcomes. This involves setting clear goals, creating action plans, and consistently working towards them. By celebrating our achievements along the way, we reinforce positive thinking and motivate ourselves to keep going.

Consistency and effort are key in this process. It is important to incorporate these strategies into our daily lives and make them a habit. By consistently practicing positive thinking and taking positive action, we can truly unleash the power of positive thinking and create the life we desire.
('Positive thinking is a powerful tool that can transform our lives and lead to a happier and more fulfilling existence. However, it requires conscious effort and practice to truly harness its power.\n\nThe first step is recognizing negative thoughts and consciously redirecting our focus towards positive ones. This involves being aware of our thoughts and actively challenging negative beliefs or self-talk. By replacing negative thoughts with positive ones, we can change our mindset and outlook on life.\n\nPracticing gratitude is another effective way to reinforce positive thinking. By regularly expressing gratitude for the things we have and the people in our lives, we shift our focus towards the positive aspects of our existence. This cultivates a sense of appreciation and contentment.\n\nSurrounding ourselves with positivity is also crucial. This can involve seeking out positive relationships, environments, and activities that uplift and inspire us. Being around positive influences can greatly impact our mindset and outlook on life.\n\nVisualizing success is a powerful technique that helps reinforce positive thinking. By vividly imagining ourselves achieving our goals and experiencing success, we create a positive mental image that motivates and inspires us. This visualization can be accompanied by affirmations, which are positive statements that affirm our abilities and potential.\n\nMindfulness practices, such as meditation or deep breathing exercises, can also strengthen our positive mindset. These practices help us become more present and aware of our thoughts, allowing us to consciously choose positive thoughts and let go of negative ones.\n\nHowever, positive thinking alone is not enough. It must be accompanied by positive action. Taking proactive steps towards our goals and dreams is essential in manifesting positive outcomes. This involves setting clear goals, creating action plans, and consistently working towards them. By celebrating our achievements along the way, we reinforce positive thinking and motivate ourselves to keep going.\n\nConsistency and effort are key in this process. It is important to incorporate these strategies into our daily lives and make them a habit. By consistently practicing positive thinking and taking positive action, we can truly unleash the power of positive thinking and create the life we desire.', ['Generate a 10,000 word blog, say Stop when done', "Title: The Power of Positive Thinking: Transforming Your Life One Thought at a Time\n\nIntroduction:\n\nIn our fast-paced and often stressful world, it's easy to get caught up in negative thoughts and emotions. However, what if there was a way to break free from the cycle of negativity and transform our lives for the better? The answer lies in the power of positive thinking. By consciously shifting our mindset and focusing on positive thoughts, we can create a ripple effect that impacts every aspect of our lives. In this blog, we will explore the science behind positive thinking, practical strategies to cultivate positivity, and the incredible benefits it can bring. So, let's dive in and discover how to harness the power of positive thinking to stop negativity in its tracks and unlock a life of joy, abundance, and fulfillment.\n\nChapter 1: The Science Behind Positive Thinking\n1.1 The Psychology of Positivity\n1.2 Neuroplasticity: Rewiring Your Brain for Positivity\n1.3 The Power of Affirmations and Self-Talk\n1.4 The Role of Gratitude in Positive Thinking\n1.5 The Impact of Positive Thinking on Physical Health\n\nChapter 2: Cultivating Positivity in Daily Life\n2.1 Recognizing and Challenging Negative Thoughts\n2.2 Surrounding Yourself with Positive Influences\n2.3 Practicing Mindfulness and Meditation\n2.4 Engaging in Activities That Bring You Joy\n2.5 Nurturing Positive Relationships\n\nChapter 3: Overcoming Obstacles and Resisting Negativity\n3.1 Dealing with Setbacks and Failure\n3.2 Overcoming Self-Doubt and Building Self-Confidence\n3.3 Letting Go of Past Hurts and Forgiveness\n3.4 Managing Stress and Anxiety\n3.5 Creating a Supportive Environment\n\nChapter 4: The Transformative Power of Positive Thinking\n4.1 Enhancing Emotional Well-being\n4.2 Boosting Creativity and Problem-Solving Abilities\n4.3 Improving Work and Career Success\n4.4 Strengthening Personal Relationships\n4.5 Achieving Personal Growth and Fulfillment\n\nChapter 5: Practical Tips and Exercises for Positive Thinking\n5.1 Daily Positive Affirmations\n5.2 Gratitude Journaling\n5.3 Visualization and Manifestation Techniques\n5.4 Acts of Kindness and Giving\n5.5 Positive Thinking Challenges\n\nChapter 6: Maintaining Positivity in the Face of Adversity\n6.1 Building Resilience and Bouncing Back\n6.2 Finding Meaning and Purpose in Difficult Times\n6.3 Seeking Support and Professional Help\n6.4 Embracing Change and Adaptability\n6.5 Staying Committed to a Positive Mindset\n\nConclusion:\nIn conclusion, positive thinking is not just a fleeting state of mind; it is a way of life that has the power to transform our entire existence. By understanding the science behind positive thinking, cultivating positivity in our daily lives, overcoming obstacles, and embracing the transformative power of positive thinking, we can create a life filled with joy, abundance, and fulfillment. So, let us make a conscious choice today to stop negativity in its tracks and embark on a journey of positive thinking that will forever change our lives for the better. Remember, the power to transform is within us.", 'We just need to harness it and unleash it through the power of positive thinking.', "Harnessing and unleashing the power of positive thinking can have a significant impact on our lives. It involves shifting our mindset and focusing on the positive aspects of any situation. By doing so, we can attract more positive outcomes, improve our mental well-being, and achieve our goals. Here are a few ways to harness and unleash the power of positive thinking:\n\n1. Recognize negative thoughts: Start by becoming aware of negative thoughts and patterns that may be holding you back. Acknowledge them, but don't dwell on them. Instead, consciously redirect your focus towards positive thoughts.\n\n2. Practice gratitude: Cultivate a sense of gratitude by regularly acknowledging and appreciating the good things in your life. This helps shift your focus towards positivity and abundance.\n\n3. Surround yourself with positivity: Surround yourself with positive people, read uplifting books, listen to motivational podcasts, or engage in activities that inspire and uplift you. This can help reinforce positive thinking and create a supportive environment.\n\n4. Visualize success: Use the power of visualization to imagine yourself achieving your goals and experiencing success. Visualizing positive outcomes can help manifest them into reality.\n\n5. Affirmations: Create positive affirmations that align with your goals and repeat them daily. Affirmations are positive statements that help reprogram your subconscious mind and reinforce positive thinking.\n\n6. Practice mindfulness and self-care: Engage in mindfulness practices like meditation or deep breathing exercises to calm your mind and cultivate a positive mindset. Additionally, prioritize self-care activities that bring you joy and relaxation.\n\n7. Take positive action: Positive thinking alone is not enough; it needs to be accompanied by positive action. Take proactive steps towards your goals, break them down into manageable tasks, and celebrate your achievements along the way.\n\nRemember, harnessing and unleashing the power of positive thinking is a continuous process that requires consistent effort and practice. By incorporating these strategies into your daily life, you can cultivate a positive mindset and attract more positivity into your life.", 'By harnessing and unleashing the power of positive thinking, we can transform our lives and create a happier and more fulfilling existence. It all starts with recognizing negative thoughts and consciously redirecting our focus towards positive ones. Practicing gratitude, surrounding ourselves with positivity, and visualizing success are all effective ways to reinforce positive thinking. Affirmations and mindfulness practices can further strengthen our positive mindset. However, it is important to remember that positive thinking alone is not enough; it must be accompanied by positive action. By taking proactive steps towards our goals and celebrating our achievements, we can manifest positive outcomes in our lives. Consistency and effort are key in this process, but by incorporating these strategies into our daily lives, we can truly harness and unleash the power of positive thinking.', 'Positive thinking is a powerful tool that can transform our lives and lead to a happier and more fulfilling existence. However, it requires conscious effort and practice to truly harness its power.\n\nThe first step is recognizing negative thoughts and consciously redirecting our focus towards positive ones. This involves being aware of our thoughts and actively challenging negative beliefs or self-talk. By replacing negative thoughts with positive ones, we can change our mindset and outlook on life.\n\nPracticing gratitude is another effective way to reinforce positive thinking. By regularly expressing gratitude for the things we have and the people in our lives, we shift our focus towards the positive aspects of our existence. This cultivates a sense of appreciation and contentment.\n\nSurrounding ourselves with positivity is also crucial. This can involve seeking out positive relationships, environments, and activities that uplift and inspire us. Being around positive influences can greatly impact our mindset and outlook on life.\n\nVisualizing success is a powerful technique that helps reinforce positive thinking. By vividly imagining ourselves achieving our goals and experiencing success, we create a positive mental image that motivates and inspires us. This visualization can be accompanied by affirmations, which are positive statements that affirm our abilities and potential.\n\nMindfulness practices, such as meditation or deep breathing exercises, can also strengthen our positive mindset. These practices help us become more present and aware of our thoughts, allowing us to consciously choose positive thoughts and let go of negative ones.\n\nHowever, positive thinking alone is not enough. It must be accompanied by positive action. Taking proactive steps towards our goals and dreams is essential in manifesting positive outcomes. This involves setting clear goals, creating action plans, and consistently working towards them. By celebrating our achievements along the way, we reinforce positive thinking and motivate ourselves to keep going.\n\nConsistency and effort are key in this process. It is important to incorporate these strategies into our daily lives and make them a habit. By consistently practicing positive thinking and taking positive action, we can truly unleash the power of positive thinking and create the life we desire.'])
defalt@owl swarms % /usr/local/bin/python3 /Users/defalt/Desktop/Athena/research/swarms/flow.py

Loop 1 of 5
Next query: Title: The Power of Positive Thinking: Embracing Optimism in Every Aspect of Life

Introduction:

In a world often filled with negativity, stress, and uncertainty, it becomes crucial to acknowledge the power of positive thinking. The way we perceive and interpret situations greatly influences our emotions, actions, and overall well-being. By embracing optimism, we can transform our lives, relationships, and even our physical health. In this blog, we will explore the various aspects of positive thinking and provide practical tips to incorporate it into our daily lives. So, let's dive in and discover the incredible benefits that come with a positive mindset!

Chapter 1: Understanding Positive Thinking

1.1 Defining Positive Thinking
1.2 The Science behind Positive Thinking
1.3 The Impact of Negative Thinking on Our Lives
1.4 The Benefits of Positive Thinking

Chapter 2: Cultivating a Positive Mindset

2.1 Recognizing Negative Thought Patterns
2.2 Challenging Negative Thoughts
2.3 Shifting Perspective: The Power of Reframing
2.4 Practicing Gratitude and Appreciation
2.5 Visualization and Affirmations

Chapter 3: Positive Thinking in Relationships

3.1 Nurturing Positive Relationships
3.2 Effective Communication: The Key to Positive Connections
3.3 Forgiveness and Letting Go of Resentment
3.4 Empathy and Compassion: Building Stronger Bonds
3.5 Surrounding Yourself with Positive Influences

Chapter 4: Positive Thinking for Personal Growth

4.1 Setting Goals and Creating a Vision
4.2 Overcoming Self-Doubt and Building Self-Confidence
4.3 Embracing Failure as a Learning Opportunity
4.4 The Power of Self-Care and Mental Well-being
4.5 Building Resilience: Bouncing Back from Challenges

Chapter 5: Positive Thinking in the Workplace

5.1 Creating a Positive Work Environment
5.2 Fostering Teamwork and Collaboration
5.3 Developing Effective Leadership Skills
5.4 Overcoming Workplace Stress with Positive Thinking
5.5 Balancing Work and Personal Life

Chapter 6: The Mind-Body Connection: Positive Thinking and Health

6.1 The Impact of Stress on Physical Health
6.2 Optimism and its Effect on the Immune System
6.3 The Role of Positive Thinking in Pain Management
6.4 Enhancing Mental and Emotional Well-being through Positive Thinking
6.5 Boosting Longevity and Quality of Life

Conclusion:

In conclusion, positive thinking is not just a mere concept but a powerful tool that can transform our lives. By adopting a positive mindset, we can navigate through life's challenges with resilience, build meaningful relationships, achieve personal growth, and improve our overall well-being. It is essential to remember that positive thinking is a skill that can be developed and nurtured with practice and persistence. So, let's make a conscious effort to embrace optimism, one thought at a time, and witness the incredible impact it has on our lives. Stop.

Loop 2 of 5
Next query: Choose positivity today and watch as it transforms every aspect of your life. Embrace the power of positive thinking and unlock a world of endless possibilities.

Loop 3 of 5
^C^C
defalt@owl swarms % 
defalt@owl swarms % 
defalt@owl swarms % 
defalt@owl swarms % /usr/local/bin/python3 /Users/defalt/Desktop/Athena/research/swarms/flow.py

Loop 1 of 5


Next query: Stop.

Loop 2 of 5


Next query: I'm sorry if I'm doing something wrong. Is there something specific you would like me to stop doing?

Loop 3 of 5


Next query: No need to apologize! You haven't done anything wrong. As an AI language model, I'm here to assist and provide information to the best of my abilities. If there's anything specific you'd like me to do differently or if you have any specific requests, please let me know and I'll do my best to accommodate them.

Loop 4 of 5


Next query: Thank you for your understanding! If you could provide me with some information on the current weather in a specific location, that would be helpful.

Loop 5 of 5


Next query: Of course! I'd be happy to help you with the current weather in a specific location. Please provide me with the name of the location you're interested in.
("Of course! I'd be happy to help you with the current weather in a specific location. Please provide me with the name of the location you're interested in.", ['Generate a 10,000 word blog, say Stop when done', 'Stop.', "I'm sorry if I'm doing something wrong. Is there something specific you would like me to stop doing?", "No need to apologize! You haven't done anything wrong. As an AI language model, I'm here to assist and provide information to the best of my abilities. If there's anything specific you'd like me to do differently or if you have any specific requests, please let me know and I'll do my best to accommodate them.", 'Thank you for your understanding! If you could provide me with some information on the current weather in a specific location, that would be helpful.', "Of course! I'd be happy to help you with the current weather in a specific location. Please provide me with the name of the location you're interested in."])
defalt@owl swarms % /usr/local/bin/python3 /Users/defalt/Desktop/Athena/research/swarms/flow.py

Loop 1 of 5


Next query: Title: The Power of Positive Thinking: Transforming Your Life One Thought at a Time

Introduction (500 words):
In a world filled with challenges, uncertainties, and negativity, it is more important than ever to harness the power of positive thinking. Our thoughts have the incredible ability to shape our reality, influence our actions, and ultimately determine the quality of our lives. By cultivating a positive mindset, we can navigate through life's obstacles with grace, find joy in the simplest of moments, and create a life that is truly fulfilling.

Chapter 1: Understanding Positive Thinking (1000 words)
- Exploring the concept of positive thinking and its impact on our mental and emotional well-being.
- The science behind positive thinking: how our thoughts affect our brain chemistry.
- Debunking common misconceptions about positive thinking.
- The benefits of cultivating a positive mindset.

Chapter 2: Overcoming Negative Thought Patterns (1200 words)
- Identifying and challenging negative thought patterns that hold us back.
- Techniques for reframing negative thoughts into positive ones.
- The role of self-awareness in recognizing and changing negative thinking.
- Strategies to break free from self-sabotaging behaviors.

Chapter 3: The Power of Affirmations (1000 words)
- Understanding the concept of affirmations and their effectiveness in rewiring our subconscious mind.
- Creating powerful affirmations that resonate with our goals and desires.
- Incorporating affirmations into our daily routine for maximum impact.
- Tips for overcoming skepticism and embracing the power of affirmations.

Chapter 4: Gratitude: The Key to Abundance (1200 words)
- Discovering the transformative power of gratitude in our lives.
- The science behind gratitude: how it rewires our brain and boosts our well-being.
- Practical ways to cultivate gratitude on a daily basis.
- The ripple effect of gratitude: how expressing gratitude can positively impact our relationships and overall happiness.

Chapter 5: Cultivating a Positive Mindset in Challenging Times (1500 words)
- Strategies for maintaining a positive mindset during times of adversity.
- The importance of resilience and bouncing back from setbacks.
- Techniques for shifting our focus from problems to solutions.
- Finding silver linings and opportunities for growth in difficult situations.

Chapter 6: Surrounding Yourself with Positive Influences (1000 words)
- The impact of our environment and the people we surround ourselves with on our mindset.
- Identifying toxic relationships and creating boundaries.
- Building a supportive network of like-minded individuals.
- The power of role models and mentors in shaping our positive mindset.

Chapter 7: Nurturing Self-Care and Emotional Well-being (1500 words)
- The connection between self-care, emotional well-being, and positive thinking.
- Practical self-care practices to enhance our mental and emotional health.
- The importance of self-compassion and forgiveness in maintaining a positive mindset.
- Managing stress and anxiety through self-care rituals.

Chapter 8: Harnessing the Power of Visualization (1200 words)
- Understanding the concept of visualization and its role in manifesting our desires.
- Techniques for effective visualization exercises.
- Creating a vision board to amplify the power of visualization.
- The link between visualization, motivation, and goal achievement.

Chapter 9: Embracing Failure as a Stepping Stone to Success (1000 words)
- Changing our perspective on failure and embracing it as a valuable learning opportunity.
- Overcoming fear of failure and taking calculated risks.
- The role of resilience in bouncing back from failures.
- Inspiring stories of successful individuals who turned failures into triumphs.

Chapter 10: Spreading Positivity: Making a Difference in the World (1000 words)
- The ripple effect of our positive mindset on the world around us.
- The power of kindness, compassion, and empathy in creating a positive impact.
- Ways to spread positivity in our communities and make a difference.
- Inspiring examples of individuals who have made significant positive change.

Conclusion (500 words):
As we reach the end of this blog, it is essential to remember that cultivating a positive mindset is a lifelong journey. It requires consistent effort, self-reflection, and a commitment to growth. By embracing the power of positive thinking, we can transform our lives, create meaningful connections, and contribute to a more harmonious world. So, let us take a deep breath, embrace the present moment, and embark on this beautiful journey towards a life filled with positivity and fulfillment. Stop.

Loop 2 of 5


Next query: Take a moment to reflect on your thoughts and start transforming your life one thought at a time. The power of positive thinking is within your reach.

Loop 3 of 5


Next query: When we pause to reflect on our thoughts, we gain the opportunity to assess their impact on our lives. It is easy to get caught up in negative thinking patterns, allowing them to shape our actions and outcomes. However, by consciously choosing positive thoughts, we can begin to transform our lives.

Positive thinking is not about denying reality or ignoring challenges; it is about approaching them with a mindset that focuses on possibilities, solutions, and growth. It is about acknowledging the difficulties but believing in our ability to overcome them.

By embracing positive thinking, we can rewire our brains to seek out the good in every situation. We can cultivate gratitude, resilience, and optimism. This shift in mindset empowers us to face challenges with confidence, find opportunities in setbacks, and maintain a sense of hope and joy even in difficult times.

The power of positive thinking lies within our reach, but it requires consistent effort and self-awareness. We must actively challenge negative thoughts and replace them with positive ones. We can practice affirmations, surround ourselves with uplifting people and environments, and engage in activities that bring us joy and fulfillment.

Transforming our lives one thought at a time is a gradual process, but the cumulative effect can be profound. As we choose positive thoughts, we attract positive experiences and relationships. We become more resilient, adaptable, and open to growth. We inspire and uplift others, creating a ripple effect of positivity in our communities.

So, let us take a moment to reflect on our thoughts and commit to embracing the power of positive thinking. Let us be mindful of our inner dialogue, challenging negative beliefs, and replacing them with empowering thoughts. By doing so, we can create a life filled with happiness, success, and fulfillment.

Loop 4 of 5


Next query: Positive thinking has the potential to transform our lives. It is not about denying reality or ignoring challenges, but rather about approaching them with a mindset that focuses on possibilities, solutions, and growth. By consciously choosing positive thoughts, we can rewire our brains to seek out the good in every situation.

Embracing positive thinking requires consistent effort and self-awareness. We must actively challenge negative thoughts and replace them with positive ones. This can be done through affirmations, surrounding ourselves with uplifting people and environments, and engaging in activities that bring us joy and fulfillment.

Transforming our lives through positive thinking is a gradual process, but the cumulative effect can be profound. As we choose positive thoughts, we attract positive experiences and relationships. We become more resilient, adaptable, and open to growth. We also inspire and uplift others, creating a ripple effect of positivity in our communities.

Let us take a moment to reflect on our thoughts and commit to embracing the power of positive thinking. By being mindful of our inner dialogue, challenging negative beliefs, and replacing them with empowering thoughts, we can create a life filled with happiness, success, and fulfillment.

Loop 5 of 5


Next query: Positive thinking has the ability to change our lives for the better. It does not mean ignoring reality or avoiding challenges, but rather approaching them with a mindset that focuses on finding solutions and opportunities for growth. By consciously choosing positive thoughts, we can retrain our brains to look for the good in every situation.

Embracing positive thinking requires consistent effort and self-awareness. We must actively challenge negative thoughts and replace them with positive ones. This can be achieved through affirmations, surrounding ourselves with positive people and environments, and engaging in activities that bring us joy and fulfillment.

While transforming our lives through positive thinking takes time, the cumulative effect can be significant. As we choose positive thoughts, we attract positive experiences and relationships. We become more resilient, adaptable, and open to personal growth. Additionally, our positive mindset can inspire and uplift those around us, creating a ripple effect of positivity in our communities.

Let us take a moment to reflect on our thoughts and commit to embracing the power of positive thinking. By being mindful of our inner dialogue, challenging negative beliefs, and replacing them with empowering thoughts, we can create a life filled with happiness, success, and fulfillment.
Positive thinking has the ability to change our lives for the better. It does not mean ignoring reality or avoiding challenges, but rather approaching them with a mindset that focuses on finding solutions and opportunities for growth. By consciously choosing positive thoughts, we can retrain our brains to look for the good in every situation.

Embracing positive thinking requires consistent effort and self-awareness. We must actively challenge negative thoughts and replace them with positive ones. This can be achieved through affirmations, surrounding ourselves with positive people and environments, and engaging in activities that bring us joy and fulfillment.

While transforming our lives through positive thinking takes time, the cumulative effect can be significant. As we choose positive thoughts, we attract positive experiences and relationships. We become more resilient, adaptable, and open to personal growth. Additionally, our positive mindset can inspire and uplift those around us, creating a ripple effect of positivity in our communities.

Let us take a moment to reflect on our thoughts and commit to embracing the power of positive thinking. By being mindful of our inner dialogue, challenging negative beliefs, and replacing them with empowering thoughts, we can create a life filled with happiness, success, and fulfillment.
defalt@owl swarms % 